// Vitest Snapshot v1, https://vitest.dev/guide/snapshot.html

exports[`snapshot del motor > counter por cada defensa del meta 1`] = `
[
  {
    "enemy": "Jabba the Hutt (GL)",
    "leader": "JABBATHEHUTT",
    "score": 76,
    "team": [
      "JABBATHEHUTT",
      "BOBAFETT",
      "BOUSHH",
      "THEMANDALORIAN",
      "JANGOFETT",
    ],
  },
  {
    "enemy": "Rey (GL)",
    "leader": "GRANDMASTERLUKE",
    "score": 74,
    "team": [
      "GRANDMASTERLUKE",
      "MASTERQUIGON",
      "MACEWINDU",
      "JEDIKNIGHTREVAN",
      "GRANDMASTERYODA",
    ],
  },
  {
    "enemy": "Sith Eternal Emperor (GL)",
    "leader": "GRANDMASTERLUKE",
    "score": 72,
    "team": [
      "GRANDMASTERLUKE",
      "JEDIKNIGHTREVAN",
      "BASTILASHAN",
      "PADAWANOBIWAN",
      "MASTERQUIGON",
    ],
  },
  {
    "enemy": "Jedi Master Kenobi (GL)",
    "leader": "GRANDMASTERLUKE",
    "score": 77,
    "team": [
      "GRANDMASTERLUKE",
      "MASTERQUIGON",
      "PADAWANOBIWAN",
      "MACEWINDU",
      "GENERALSKYWALKER",
    ],
  },
  {
    "enemy": "Leia Organa (GL)",
    "leader": "JEDIMASTERKENOBI",
    "score": 77,
    "team": [
      "JEDIMASTERKENOBI",
      "MASTERQUIGON",
      "MACEWINDU",
      "PADAWANOBIWAN",
      "R2D2_LEGENDARY",
    ],
  },
  {
    "enemy": "General Skywalker",
    "leader": "GRANDMASTERLUKE",
    "score": 71,
    "team": [
      "GRANDMASTERLUKE",
      "MASTERQUIGON",
      "PADAWANOBIWAN",
      "MACEWINDU",
      "GRANDINQUISITOR",
    ],
  },
  {
    "enemy": "Lord Vader",
    "leader": "GRANDMASTERLUKE",
    "score": 72,
    "team": [
      "GRANDMASTERLUKE",
      "JEDIKNIGHTREVAN",
      "BASTILASHAN",
      "PADAWANOBIWAN",
      "MASTERQUIGON",
    ],
  },
  {
    "enemy": "Bo-Katan (Mand'alor)",
    "leader": "GRANDMASTERLUKE",
    "score": 68,
    "team": [
      "GRANDMASTERLUKE",
      "JEDIKNIGHTREVAN",
      "CALKESTIS",
      "DARTHREVAN",
      "DIRECTORKRENNIC",
    ],
  },
  {
    "enemy": "GL Ahsoka",
    "leader": "GRANDMASTERLUKE",
    "score": 71,
    "team": [
      "GRANDMASTERLUKE",
      "MASTERQUIGON",
      "PADAWANOBIWAN",
      "MACEWINDU",
      "GRANDINQUISITOR",
    ],
  },
  {
    "enemy": "Darth Malgus",
    "leader": "JEDIMASTERKENOBI",
    "score": 75,
    "team": [
      "JEDIMASTERKENOBI",
      "MASTERQUIGON",
      "MACEWINDU",
      "PADAWANOBIWAN",
      "BASTILASHAN",
    ],
  },
  {
    "enemy": "Padmé Amidala",
    "leader": "GRANDMASTERLUKE",
    "score": 76,
    "team": [
      "GRANDMASTERLUKE",
      "CALKESTIS",
      "GRANDINQUISITOR",
      "NINTHSISTER",
      "EIGHTHBROTHER",
    ],
  },
  {
    "enemy": "Supreme Leader Kylo Ren (GL)",
    "leader": "GRANDMASTERLUKE",
    "score": 70,
    "team": [
      "GRANDMASTERLUKE",
      "COMMANDERLUKESKYWALKER",
      "JYNERSO",
      "MASTERQUIGON",
      "GRANDMASTERYODA",
    ],
  },
  {
    "enemy": "General Grievous (droides Sep)",
    "leader": "SUPREMELEADERKYLOREN",
    "score": 74,
    "team": [
      "SUPREMELEADERKYLOREN",
      "CALKESTIS",
      "SHINHATI",
      "NINTHSISTER",
      "INQUISITORBARRISS",
    ],
  },
  {
    "enemy": "Nightsisters (Great Mothers)",
    "leader": "SUPREMELEADERKYLOREN",
    "score": 76,
    "team": [
      "SUPREMELEADERKYLOREN",
      "REYJEDITRAINING",
      "CALKESTIS",
      "EIGHTHBROTHER",
      "INQUISITORBARRISS",
    ],
  },
  {
    "enemy": "Queen Amidala (gungans)",
    "leader": "GRANDMASTERLUKE",
    "score": 76,
    "team": [
      "GRANDMASTERLUKE",
      "CALKESTIS",
      "GRANDINQUISITOR",
      "NINTHSISTER",
      "EIGHTHBROTHER",
    ],
  },
  {
    "enemy": "Bounty Hunters (Bossk/Boba)",
    "leader": "SUPREMELEADERKYLOREN",
    "score": 76,
    "team": [
      "SUPREMELEADERKYLOREN",
      "REYJEDITRAINING",
      "CALKESTIS",
      "INQUISITORBARRISS",
      "EIGHTHBROTHER",
    ],
  },
]
`;

exports[`snapshot del motor > equipo por defecto (pool completo) 1`] = `
{
  "leader": "SUPREMELEADERKYLOREN",
  "score": 78,
  "team": [
    "SUPREMELEADERKYLOREN",
    "REYJEDITRAINING",
    "FIFTHBROTHER",
    "SEVENTHSISTER",
    "NINTHSISTER",
  ],
}
`;
